
> deepblend-studio@0.3.0 release:parity
> node deepblend/tools/release-route-parity.mjs

date: 2026-10-08T11:08:33.029Z
repository version: 0.3.0
note: each route is installed once, in its own scratch DSH_HOME, and read back

── source: github:pearjelly/deep-blend#path:/packages/deepblend/bundle ──
   packages pnpm fetched: 13
   installed version: @deepblend/dsh-blender-bundle@0.3.0
   workbench route: HTTP 200, text/html; charset=utf-8, reserves #deepblend-workbench=true, imports its own client bundle=true
   presets deployed: ["deepblend","deepblend-dev"]
   result: the spec installs, serves DeepBlend and delivers both presets — github:pearjelly/deep-blend#path:/packages/deepblend/bundle

── npm: @deepblend/dsh-blender-bundle ──
   packages pnpm fetched: 13
   installed version: @deepblend/dsh-blender-bundle@0.3.0
   workbench route: HTTP 200, text/html; charset=utf-8, reserves #deepblend-workbench=true, imports its own client bundle=true
   presets deployed: ["deepblend","deepblend-dev"]
   result: the spec installs, serves DeepBlend and delivers both presets — @deepblend/dsh-blender-bundle

── tarball: https://github.com/pearjelly/deep-blend/releases/latest/download/deepblend-bundle.tgz ──
   packages pnpm fetched: 1
   installed version: @deepblend/dsh-blender-bundle@0.3.0
   workbench route: HTTP 200, text/html; charset=utf-8, reserves #deepblend-workbench=true, imports its own client bundle=true
   presets deployed: ["deepblend","deepblend-dev"]
   result: the spec installs, serves DeepBlend and delivers both presets — https://github.com/pearjelly/deep-blend/releases/latest/download/deepblend-bundle.tgz

── do the three routes agree? ──
source installed: @deepblend/dsh-blender-bundle@0.3.0
npm installed: @deepblend/dsh-blender-bundle@0.3.0
tarball installed: @deepblend/dsh-blender-bundle@0.3.0
all three serve: @deepblend/dsh-blender-bundle@0.3.0
and the repository says: 0.3.0
source workbench route: HTTP 200
npm workbench route: HTTP 200
tarball workbench route: HTTP 200
all three deployed presets: ["deepblend","deepblend-dev"]
source packages pnpm fetched: 13
npm packages pnpm fetched: 13
tarball packages pnpm fetched: 1
problems: 0
result: the three install routes serve the same product, and it is the one this repository is
